$ echo ran >> /home/dillonhoppe/.agentkit/wt/20260930-1615-agentkit-a-run-s-memory-cap-ends-the-pro/.flaky-rerun-pps6_c76/runs.txt; if test -f /home/dillonhoppe/.agentkit/wt/20260930-1615-agentkit-a-run-s-memory-cap-ends-the-pro/.flaky-rerun-pps6_c76/seen; then echo shared line 0; echo shared line 1; echo shared line 2; echo shared line 3; echo shared line 4; echo shared line 5; echo shared line 6; echo shared line 7; echo shared line 8; echo shared line 9; echo shared line 10; echo shared line 11; echo shared line 12; echo shared line 13; echo shared line 14; echo shared line 15; echo shared line 16; echo shared line 17; echo shared line 18; echo shared line 19; echo shared line 20; echo shared line 21; echo shared line 22; echo shared line 23; echo shared line 24; else touch /home/dillonhoppe/.agentkit/wt/20260930-1615-agentkit-a-run-s-memory-cap-ends-the-pro/.flaky-rerun-pps6_c76/seen; echo 'FAIL: the one that broke'; echo shared line 0; echo shared line 1; echo shared line 2; echo shared line 3; echo shared line 4; echo shared line 5; echo shared line 6; echo shared line 7; echo shared line 8; echo shared line 9; echo shared line 10; echo shared line 11; echo shared line 12; echo shared line 13; echo shared line 14; echo shared line 15; echo shared line 16; echo shared line 17; echo shared line 18; echo shared line 19; echo shared line 20; echo shared line 21; echo shared line 22; echo shared line 23; echo shared line 24; exit 1; fi
[exit 0]
shared line 0
shared line 1
shared line 2
shared line 3
shared line 4
shared line 5
shared line 6
shared line 7
shared line 8
shared line 9
shared line 10
shared line 11
shared line 12
shared line 13
shared line 14
shared line 15
shared line 16
shared line 17
shared line 18
shared line 19
shared line 20
shared line 21
shared line 22
shared line 23
shared line 24

flaky: echo ran >> /home/dillonhoppe/.agentkit/wt/20260930-1615-agentkit-a-run-s-memory-cap-ends-the-pro/.flaky-rerun-pps6_c76/runs.txt; if test -f /home/dillonhoppe/.agentkit/wt/20260930-1615-agentkit-a-run-s-memory-cap-ends-the-pro/.flaky-rerun-pps6_c76/seen; then echo shared line 0; echo shared line 1; echo shared line 2; echo shared line 3; echo shared line 4; echo shared line 5; echo shared line 6; echo shared line 7; echo shared line 8; echo shared line 9; echo shared line 10; echo shared line 11; echo shared line 12; echo shared line 13; echo shared line 14; echo shared line 15; echo shared line 16; echo shared line 17; echo shared line 18; echo shared line 19; echo shared line 20; echo shared line 21; echo shared line 22; echo shared line 23; echo shared line 24; else touch /home/dillonhoppe/.agentkit/wt/20260930-1615-agentkit-a-run-s-memory-cap-ends-the-pro/.flaky-rerun-pps6_c76/seen; echo 'FAIL: the one that broke'; echo shared line 0; echo shared line 1; echo shared line 2; echo shared line 3; echo shared line 4; echo shared line 5; echo shared line 6; echo shared line 7; echo shared line 8; echo shared line 9; echo shared line 10; echo shared line 11; echo shared line 12; echo shared line 13; echo shared line 14; echo shared line 15; echo shared line 16; echo shared line 17; echo shared line 18; echo shared line 19; echo shared line 20; echo shared line 21; echo shared line 22; echo shared line 23; echo shared line 24; exit 1; fi failed, then passed on its re-run
FAIL: the one that broke